node : file:///C:/Users/MOHAMMED%20FAR
VEZ/Downloads/krishnaDigitalWorld-mast
er%20(1)/krishnaDigitalWorld-master/ba
ckend/controllers/adminOrderController
.js:4
At line:1 char:1
+ node server.js 2> error_log.txt
+ ~~~~~~~~~~~~~~~~~~~~~~~~~~~~~~~
    + CategoryInfo          : NotSpec 
   ified: (file:///C:/User...Control  
  ler.js:4:String) [], RemoteExcept   
 ion
    + FullyQualifiedErrorId : NativeC 
   ommandError
 
import { sendOrderShippedSMS, 
sendOrderDeliveredSMS } from 
'../services/smsService.js';
                              
^^^^^^^^^^^^^^^^^^^^^
SyntaxError: The requested module 
'../services/smsService.js' does not 
provide an export named 
'sendOrderDeliveredSMS'
    at #_instantiate (node:internal/mo
dules/esm/module_job:254:21)
    at async ModuleJob.run (node:inter
nal/modules/esm/module_job:369:5)
    at async 
onImport.tracePromise.__proto__ (node:
internal/modules/esm/loader:671:26)
    at async 
asyncRunEntryPointWithESMLoader 
(node:internal/modules/run_main:101:5)

Node.js v25.1.0
